#-----------------------------------------------------------
# Vivado v2024.2 (64-bit)
# SW Build 5239630 on Fri Nov 08 22:35:27 MST 2024
# IP Build 5239520 on Sun Nov 10 16:12:51 MST 2024
# SharedData Build 5239561 on Fri Nov 08 14:39:27 MST 2024
# Start of session at: Mon Jun  9 01:36:23 2025
# Process ID         : 15944
# Current directory  : C:/Users/mulla/Documents/thesis/hardware/ip_repo
# Command line       : vivado.exe -gui_launcher_event rodinguilauncherevent41600 C:\Users\mulla\Documents\thesis\hardware\ip_repo\edit_KF_v1_0.xpr
# Log file           : C:/Users/mulla/Documents/thesis/hardware/ip_repo/vivado.log
# Journal file       : C:/Users/mulla/Documents/thesis/hardware/ip_repo\vivado.jou
# Running On         : Laptop45877481
# Platform           : Windows Server 2016 or Windows 10
# Operating System   : 26100
# Processor Detail   : 13th Gen Intel(R) Core(TM) i7-1355U
# CPU Frequency      : 2611 MHz
# CPU Physical cores : 10
# CPU Logical cores  : 12
# Host memory        : 16876 MB
# Swap memory        : 20838 MB
# Total Virtual      : 37714 MB
# Available Virtual  : 7155 MB
#-----------------------------------------------------------
start_gui
open_project C:/Users/mulla/Documents/thesis/hardware/ip_repo/edit_KF_v1_0.xpr
update_compile_order -fileset sources_1
